{
    "myColor": "#ff0000",
    "myOtherColor": "#ffffff"
}
