{
	"version": "2.0",
	"name": "my.ui.lib.library-preload",
	"modules": {
		"my/ui/lib/myJS.js": "console.log('myJS');\n",
		"my/ui/lib/myJSON.json": "{\n\t\"my\": \"json\"\n}\n",
		"my/ui/lib/myXML.xml": "<my>XML</my>\n"
	}
}
